{
  "dxr.cxx-clang": {
    "macros": {
      ("MACRO1", "test-macros.c:3:9"): {
        "macroname": "MACRO1",
        "macroargs": "(a)",
        "macrotext": "a"
      },
      ("MACRO2", "test-macros.c:4:9"): {
        "macroname": "MACRO2",
        "macrotext": "(a)"
      },
    }
  }
}
